// Jest Snapshot v1, https://goo.gl/fbAQLP

exports[`Header renders snapshot 1`] = `
<header
  class="sm:absolute sm:top-0 sm:right-0 sm:px-8 pt-4 pb-2 sm:pb-4"
>
  <nav
    aria-label="Haupt"
    class="flex items-center justify-center sm:h-16"
  >
    <ul
      class="list-none"
    >
      
      <li
        class="inline-block px-2"
      >
        
        <a
          aria-label="Mittagsangebote"
          class="nav-link flex justify-center items-center w-12 h-12 text-neutral-300"
          href="/"
          title="Mittagsangebote"
        >
          
          <!---->
          
        </a>
        
      </li>
      <li
        class="inline-block px-2"
      >
        
        <a
          aria-label="Einstellungen"
          class="nav-link flex justify-center items-center w-12 h-12 text-neutral-300"
          href="/settings"
          title="Einstellungen"
        >
          
          <!---->
          
        </a>
        
      </li>
      <li
        class="inline-block px-2"
      >
        
        <a
          aria-label="Info"
          class="nav-link flex justify-center items-center w-12 h-12 text-neutral-300"
          href="/about"
          title="Info"
        >
          
          <!---->
          
        </a>
        
      </li>
      
    </ul>
  </nav>
</header>
`;
