// Jest Snapshot v1, https://goo.gl/fbAQLP

exports[`Header renders snapshot 1`] = `
<header
  class="pt-4 pb-2 sm:absolute sm:top-0 sm:right-0 sm:px-8 sm:pb-4"
>
  <nav
    aria-label="Haupt"
    class="flex items-center justify-center sm:h-16"
  >
    <ul
      class="list-none"
    >
      
      <li
        class="inline-block px-2"
      >
        <router-link-stub
          custom=""
          to="/"
        />
      </li>
      <li
        class="inline-block px-2"
      >
        <router-link-stub
          custom=""
          to="/settings"
        />
      </li>
      <li
        class="inline-block px-2"
      >
        <router-link-stub
          custom=""
          to="/about"
        />
      </li>
      
    </ul>
  </nav>
</header>
`;
