// Jest Snapshot v1, https://goo.gl/fbAQLP

exports[`OfferBox renders snapshot 1`] = `
<article
  class="flex flex-col items-center
         px-4 py-2 sm:pt-4 sm:pb-6
         shadow-xl bg-white rounded-lg
         border-l-8 sm:border-t-8 sm:border-l-0 border-primary-400"
>
  <h2
    class="text-3xl sm:text-4xl font-serif text-neutral-800"
  >
    
    Mensa
  
  </h2>
   
  <offer-stub
    offer="[object Object]"
  />
  <offer-stub
    offer="[object Object]"
  />
</article>
`;
