// Jest Snapshot v1, https://goo.gl/fbAQLP

exports[`Content renders snapshot 1`] = `
<main
  class="w-full"
>
  <transition-stub
    enteractiveclass="transition-opacity duration-150"
    enterclass="opacity-0"
    leaveactiveclass="transition-opacity duration-150"
    leavetoclass="opacity-0"
    mode="out-in"
  >
    <router-view-stub
      name="default"
    />
  </transition-stub>
</main>
`;
