// Jest Snapshot v1, https://goo.gl/fbAQLP

exports[`Header renders snapshot 1`] = `
<header
  class="flex flex-wrap justify-between items-center
         p-4"
>
  <dayselector-stub
    class="w-full sm:max-w-sm"
  />
   
  <nav
    aria-label="Main"
    class="flex justify-center
           w-full sm:w-auto
           order-first sm:order-last
           px-4 pb-4 sm:pb-0"
  >
    <ul
      class="flex list-none p-0"
    >
      <li
        class="inline-block mx-2"
      >
        <routerlinkicon-stub
          exact="true"
          title="Mittagsangebote anzeigen"
          to="/"
        >
          <offersicon-stub />
        </routerlinkicon-stub>
      </li>
       
      <li
        class="inline-block mx-2"
      >
        <routerlinkicon-stub
          title="Einstellungen anzeigen"
          to="/settings"
        >
          <settingsicon-stub />
        </routerlinkicon-stub>
      </li>
       
      <li
        class="inline-block mx-2"
      >
        <routerlinkicon-stub
          title="Info anzeigen"
          to="/about"
        >
          <infoicon-stub />
        </routerlinkicon-stub>
      </li>
    </ul>
  </nav>
</header>
`;
